errore::test_display::Braced: braced raw error: T
    at tests/test_display.rs:331:21