errore::test_display::Error: error ?
    at tests/test_display.rs:241:21