errore::test_display::Braced: braced raw error: T, U
    at tests/test_display.rs:343:21