errore::test_display::Error: !bool = false
    at tests/test_display.rs:141:21