errore::test_display::Error: braced error: T
    at tests/test_display.rs:20:21