errore::test_display::Error: 0
    at tests/test_display.rs:269:21