errore::test_display::Error: braced raw error: T
    at tests/test_display.rs:319:21