errore::test_display::Error: error: 1
    at tests/test_display.rs:353:21