errore::d::Error: display-d
    at tests/test_trace_mixed.rs:47:24

Error: errore::d::Error
├─▶ <errore::b::Error> display-b
│   ├╴ tests/test_trace_mixed.rs:47:24
│   ╰╴ tests/test_trace_mixed.rs:57:13
│
├─▶ <errore::c::Field> display-c
│   ├╴ tests/test_trace_mixed.rs:75:13
│   ╰╴ tests/test_trace_mixed.rs:83:13
│
╰─▶ <errore::d::Error> display-d
    ├╴ tests/test_trace_mixed.rs:102:13
    ╰╴ tests/test_trace_mixed.rs:110:13

on_start(): <errore::b::Error> display-b at tests/test_trace_mixed.rs:47:24
on_new_span(): <errore::b::Error> display-b at tests/test_trace_mixed.rs:47:24
on_try_record(): <errore::b::Error> display-b at tests/test_trace_mixed.rs:47:24
on_record(): <errore::b::Error> display-b at tests/test_trace_mixed.rs:47:24
on_try_record(): <errore::b::Error> display-b at tests/test_trace_mixed.rs:57:13
on_record(): <errore::b::Error> display-b at tests/test_trace_mixed.rs:57:13
on_new_span(): <errore::c::Field> display-c at tests/test_trace_mixed.rs:75:13
on_try_record(): <errore::c::Field> display-c at tests/test_trace_mixed.rs:75:13
on_record(): <errore::c::Field> display-c at tests/test_trace_mixed.rs:75:13
on_try_record(): <errore::c::Field> display-c at tests/test_trace_mixed.rs:83:13
on_record(): <errore::c::Field> display-c at tests/test_trace_mixed.rs:83:13
on_new_span(): <errore::d::Error> display-d at tests/test_trace_mixed.rs:102:13
on_try_record(): <errore::d::Error> display-d at tests/test_trace_mixed.rs:102:13
on_record(): <errore::d::Error> display-d at tests/test_trace_mixed.rs:102:13
on_try_record(): <errore::d::Error> display-d at tests/test_trace_mixed.rs:110:13
on_record(): <errore::d::Error> display-d at tests/test_trace_mixed.rs:110:13
on_end(): <errore::d::Error> display-d at tests/test_trace_mixed.rs:110:13