<errore::a::Field> display-a at tests/test_trace_mixed.rs:23:13
<errore::a::Field> display-a at tests/test_trace_mixed.rs:30:13
<errore::b::Error> display-b at tests/test_trace_mixed.rs:49:13
<errore::b::Error> display-b at tests/test_trace_mixed.rs:57:13
<errore::c::Field> display-c at tests/test_trace_mixed.rs:75:13
<errore::c::Field> display-c at tests/test_trace_mixed.rs:83:13
<errore::d::Error> display-d at tests/test_trace_mixed.rs:102:13
<errore::d::Error> display-d at tests/test_trace_mixed.rs:110:13

<errore::d::Error> display-d at tests/test_trace_mixed.rs:110:13
<errore::d::Error> display-d at tests/test_trace_mixed.rs:102:13
<errore::c::Field> display-c at tests/test_trace_mixed.rs:83:13
<errore::c::Field> display-c at tests/test_trace_mixed.rs:75:13
<errore::b::Error> display-b at tests/test_trace_mixed.rs:57:13
<errore::b::Error> display-b at tests/test_trace_mixed.rs:49:13
<errore::a::Field> display-a at tests/test_trace_mixed.rs:30:13
<errore::a::Field> display-a at tests/test_trace_mixed.rs:23:13